Open On-Chip Debugger v0.12.0-esp32-20260703 (2026-07-03-13:40)
Licensed under GNU GPL v2
For bug reports, read
	http://openocd.org/doc/doxygen/bugs.html
Info : esp_usb_jtag: capabilities descriptor set to 0x2000
Info : esp_usb_jtag: serial (3C:0F:02:DF:F3:C8)
Info : esp_usb_jtag: Device found. Base speed 40000KHz, div range 1 to 255
Info : clock speed 4000 kHz
Info : JTAG tap: esp32s3.tap0 tap/device found: 0x120034e5 (mfg: 0x272 (Tensilica), part: 0x2003, ver: 0x1)
Info : JTAG tap: esp32s3.tap1 tap/device found: 0x120034e5 (mfg: 0x272 (Tensilica), part: 0x2003, ver: 0x1)
Info : [esp32s3.cpu0] Examination succeed
Info : [esp32s3.cpu1] Examination succeed
Info : [esp32s3.cpu0] starting gdb server on 3333
Info : Listening on port 3333 for gdb connections
Info : JTAG tap: esp32s3.tap0 tap/device found: 0x120034e5 (mfg: 0x272 (Tensilica), part: 0x2003, ver: 0x1)
Info : JTAG tap: esp32s3.tap1 tap/device found: 0x120034e5 (mfg: 0x272 (Tensilica), part: 0x2003, ver: 0x1)
Info : [esp32s3.cpu0] requesting target halt and executing a soft reset
Info : [esp32s3.cpu0] Debug controller was reset.
Info : [esp32s3.cpu0] Core was reset.
Info : [esp32s3.cpu0] Target halted, PC=0x42070846, debug_reason=00000000
Info : Set GDB target to 'esp32s3.cpu0'
Info : [esp32s3.cpu1] Debug controller was reset.
Info : [esp32s3.cpu1] Core was reset.
Info : [esp32s3.cpu1] Target halted, PC=0x42070846, debug_reason=00000000
Info : [esp32s3.cpu1] Reset cause (21) - (USB UART reset)
Info : [esp32s3.cpu1] Chip revision v0.2
Info : [esp32s3.cpu0] Debug controller was reset.
Info : [esp32s3.cpu0] Core was reset.
Info : [esp32s3.cpu0] Target halted, PC=0x500000EF, debug_reason=00000000
Info : [esp32s3.cpu0] Reset cause (3) - (Software core reset)
Info : [esp32s3.cpu0] Core was reset.
Info : [esp32s3.cpu0] Target halted, PC=0x40000400, debug_reason=00000000
Info : [esp32s3.cpu1] Debug controller was reset.
Info : [esp32s3.cpu1] Core was reset.
Info : [esp32s3.cpu1] Target halted, PC=0x40000400, debug_reason=00000000
Info : [esp32s3.cpu1] Reset cause (3) - (Software core reset)
Info : [esp32s3.cpu0] Reset cause (3) - (Software core reset)
@@uart0 0x60000000
0x60000000: 00000075 00000002 00000000 00000000 00000000 000002b6 00000008 e000c000 
0x60000020: 1000001c 00018060 00000fff 00000fff 00000000 00000000 000000f0 00004ce0 
0x60000040: 00004400 0000000a 00040100 00000000 00000901 00000901 0000000b 0000032b 
0x60000060: 00140012 00000000 00100201 00000000 00000fff 00000fff 03701000 02008270 
@@gpio 0x60004000
0x60004000: 00000000 00000000 00000000 00000000 00000000 00000000 00000000 00000000 
0x60004020: 00000000 00000000 00000000 00000000 00000000 00000000 00000028 fc000009 
0x60004040: 00011881 00000000 00000000 00000000 00000000 00000000 00000000 00000000 
0x60004060: 00000000 00000000 00000000 00000000 00000000 00000000 00000000 00000000 
0x60004080: 00000000 00000000 00000000 00000000 00000000 00000000 00000000 00000000 
0x600040a0: 00000000 00000000 00000000 00000000 00000000 00000000 00000000 00000000 
@@i2c0 0x60013000
0x60013000: 00000000 0000020b 0000c000 00000010 00000000 00000000 0000408b 000000e4 
0x60013020: 00000002 00000000 00000000 00000000 00000000 00000000 00000000 00000000 
0x60013040: 00000008 00000008 00000008 00000008 00000300 00200000 00000000 00000000 
0x60013060: 00000000 00000000 00000000 00000000 00000000 00000000 00000010 00000010 
@@rmt 0x60016000
0x60016000: 00000000 00000000 00000000 00000000 00000000 00000000 00000000 00000000 
0x60016020: 00000000 00000000 00000000 00000000 00000000 00000000 00000000 00000000 
0x60016040: 00000000 00000000 00000000 00000000 00000000 00000000 00000000 00000000 
0x60016060: 00000000 00000000 00000000 00000000 00000000 00000000 00000000 00000000 
0x60016080: 00000000 00000000 00000000 00000000 00000000 00000000 00000000 00000000 
0x600160a0: 00000000 00000000 00000000 00000000 00000000 00000000 00000000 00000000 
@@mcpwm0 0x6001e000
0x6001e000: 00000000 0000ff00 00000000 00000000 00000000 0000ff00 00000000 00000000 
0x6001e020: 00000000 0000ff00 00000000 00000000 00000000 00000000 00000000 00000000 
0x6001e040: 00000000 00000000 00000000 00000020 00000000 00000000 00018000 00000000 
0x6001e060: 00000000 00000000 00000000 00000000 00000000 00000000 00000000 00000000 
0x6001e080: 00000000 00000020 00000000 00000000 00018000 00000000 00000000 00000000 
0x6001e0a0: 00000000 00000000 00000000 00000000 00000000 00000000 00000000 00000020 
@@timg0 0x6001f000
0x6001f000: 60002000 00000000 00000000 00000000 00000000 00000000 00000000 00000000 
0x6001f020: 00000000 60002000 00000000 00000000 00000000 00000000 00000000 00000000 
0x6001f040: 00000000 00000000 00000000 00010000 018cba80 07ffffff 000fffff 000fffff 
0x6001f060: 00000000 50d83aa1 00013000 0000ff01 00000000 00000000 00000000 00000000 
@@systimer 0x60023000
0x60023000: 46000000 00000000 00000000 00000000 00000000 00000000 00000000 00000000 
0x60023020: 00000000 00000000 00000000 00000000 00000000 00000000 00000000 00000000 
0x60023040: 00000000 00000000 00000000 00000000 00000000 00000000 00000000 00000000 
0x60023060: 00000000 00000000 00000000 00000000 00000000 00000000 00000000 00000000 
@@gdma 0x6003f000
0x6003f000: 00000000 00000000 00000000 00000000 00000000 00000000 00000000 00000000 
0x6003f020: 00000000 00000000 00000000 00000000 00000000 00000000 00000000 00000000 
0x6003f040: 00000000 00000000 00000000 00000000 00000000 00000000 00000000 00000000 
0x6003f060: 00000000 00000000 00000000 00000000 00000000 00000000 00000000 00000000 
0x6003f080: 00000000 00000000 00000000 00000000 00000000 00000000 00000000 00000000 
0x6003f0a0: 00000000 00000000 00000000 00000000 00000000 00000000 00000000 00000000 
0x6003f0c0: 00000000 00000000 00000000 00000000 00000000 00000000 00000000 00000000 
0x6003f0e0: 00000000 00000000 00000000 00000000 00000000 00000000 00000000 00000000 
@@system 0x600c0000
0x600c0000: 00000002 00000000 00000000 000000c0 0000000c 00000001 f9c1e06f 00000600 
0x600c0020: 00000000 000001fe 000000ff 02001001 00000000 00000000 00000000 00000000 
0x600c0040: 00000001 00000001 00000005 00000000 7ff00000 ffffffff 00000000 00000001 
0x600c0060: 000a8001 00000003 00000003 00000003 00000003 00000000 00000000 00000000 
@@rtc_cntl 0x60008000
0x60008000: 1c00a000 00000000 00000000 00000000 0035b571 00000000 20000000 14140503 
0x60008020: 01080000 02010201 02010201 00000200 02010201 d8400000 0030f0c3 00060000 
Warn : DEPRECATED: 'exit' should only be used in telnet or Tcl sessions to close the session
Warn : Did you mean 'shutdown'?
shutdown command invoked
