Open On-Chip Debugger 0.12.0
Licensed under GNU GPL v2
For bug reports, read
	http://openocd.org/doc/doxygen/bugs.html
swd
cortex_m reset_config sysresetreq

Info : Silicon Labs J-Link OB compiled Jan 10 2025 08:05:45
Info : Hardware version: 3.00
Info : VTarget = 3.301 V
Info : clock speed 1000 kHz
Info : SWD DPIDR 0x6ba02477
Info : [efm32.cpu] Cortex-M33 r1p0 processor detected
Info : [efm32.cpu] target has 8 breakpoints, 4 watchpoints
Info : starting gdb server for efm32.cpu on 3333
Info : Listening on port 3333 for gdb connections
[efm32.cpu] halted due to debug-request, current mode: Thread 
xPSR: 0xf9000000 pc: 0x0800002e msp: 0x20080000
@@cmu 0x40008000
0x40008000: 00000007 00000000 00000001 00000000 00000000 00000000 00000000 00000000 
0x40008020: 00000000 00000000 00000000 00000000 00000000 00000000 00000000 00000000 
0x40008040: c00000bc 00000000 00000000 00000000 00000000 00000000 00000000 00000000 
0x40008060: 00000000 04004630 00000000 00000000 00000002 00000000 00000000 00000000 

@@gpio 0x4003C000
0x4003c000: 00000007 00000000 00000000 00000000 00000000 00000000 00000000 00000000 
0x4003c020: 00000000 00000000 00000000 00000000 00400040 00000000 00000000 00000000 
0x4003c040: 00000000 00000002 00000000 00000000 00000000 00000000 00000000 00000000 
0x4003c060: 00400040 00000000 00000000 00000000 00000000 00000000 00000000 00000000 

@@timer0 0x40048000
0x40048000: 00000001 00000000 00000000 00000000 00000000 00000000 00000000 00000000 
0x40048020: 00000000 00000000 00000000 00000000 00000000 00000000 00000000 00000000 

@@timer1 0x4004C000
0x4004c000: 00000001 00000000 00000000 00000000 00000000 00000000 00000000 00000000 
0x4004c020: 00000000 00000000 00000000 00000000 00000000 00000000 00000000 00000000 
0x4004c040: 00000000 00000000 00000000 00000000 00000000 00000000 00000000 00000000 
0x4004c060: 00000000 00000000 00000000 00000000 00000000 00000000 00000000 00000000 
0x4004c080: 00000000 00000000 00000000 00000000 00000000 00000000 00000000 00000000 
0x4004c0a0: 00000000 00000000 00000000 00000000 00000000 00000000 00000000 00000000 

@@usart0 0x400A0000
0x400a0000: 00000000 00000000 00000000 00001005 00000000 00000000 00002040 00000000 
0x400a0020: 00000000 00000000 00000000 00000000 00000000 00000000 00000000 00000000 
0x400a0040: 00000000 00000000 00000002 00000000 

@@iadc0 0x49004000
0x49004000: 00000003 00000000 00000000 00000000 00000000 00000000 00000000 00000000 
0x49004020: 00000000 00000000 00000000 00000000 00001200 80000600 10000000 00511252 
0x49004040: 174964c0 00000000 00002060 00000000 8002c000 00000000 00002060 00000000 
0x49004060: 8002c000 00000000 00000000 00000000 00000030 00000000 00000000 00000000 
0x49004080: 00000030 00000000 00000000 00000000 00000008 00000000 00000000 00000000 
0x490040a0: 00000000 00000000 00000000 00000000 00000000 00000000 00000000 00000000 

@@i2c0 0x4B000000
0x4b000000: 00000000 00000000 00000000 00000000 00000001 00000080 00000000 00000000 
0x4b000020: 00000000 00000000 00000000 00000000 00000000 00000000 00000000 00000000 
0x4b000040: 00000000 00000000 00000000 00000000 

